
> everrise-frontend@1.0.0 build
> vite build

[36mvite v5.4.21 [32mbuilding for production...[36m[39m
transforming...
[32mÔ£פ[39m 1387 modules transformed.
rendering chunks...
[33mwarnings when minifying css:
Ôû¦ [WARNING] Transforming this CSS nesting syntax is not supported in the configured target environment ("chrome87", "edge88", "es2020", "firefox78", "safari14") [unsupported-css-nesting]
System.Management.Automation.RemoteException
    <stdin>:649:11:
      649 Ôצי       & li & a {
          ÔעÁ            ^
System.Management.Automation.RemoteException
  The nesting transform for this case must generate an ":is(...)" but the configured target environment does not support the ":is" pseudo-class.
System.Management.Automation.RemoteException
System.Management.Automation.RemoteException
Ôû¦ [WARNING] Transforming this CSS nesting syntax is not supported in the configured target environment ("chrome87", "edge88", "es2020", "firefox78", "safari14") [unsupported-css-nesting]
System.Management.Automation.RemoteException
    <stdin>:996:11:
      996 Ôצי       & li & a {
          ÔעÁ            ^
System.Management.Automation.RemoteException
  The nesting transform for this case must generate an ":is(...)" but the configured target environment does not support the ":is" pseudo-class.
System.Management.Automation.RemoteException
[39m
computing gzip size...
[2mdist/[22m[32mindex.html                                  [39m[1m[2m    0.61 kB[22m[1m[22m[2m Ôצי gzip:     0.37 kB[22m
[2mdist/[22m[32massets/DotFrame-C48JJ3xm.png                [39m[1m[2m    4.98 kB[22m[1m[22m
[2mdist/[22m[32massets/DotFrameLaranja-CaOiC-Ho.png         [39m[1m[2m    5.37 kB[22m[1m[22m
[2mdist/[22m[32massets/ODS9-Bv3BunTL.svg                    [39m[1m[2m    6.00 kB[22m[1m[22m[2m Ôצי gzip:     2.28 kB[22m
[2mdist/[22m[32massets/ODS17-BI2D6a3e.svg                   [39m[1m[2m    6.10 kB[22m[1m[22m[2m Ôצי gzip:     2.26 kB[22m
[2mdist/[22m[32massets/Anna-KML1Bqt4.png                    [39m[1m[2m    6.89 kB[22m[1m[22m
[2mdist/[22m[32massets/ODS12-D6PtSrRI.svg                   [39m[1m[2m    7.51 kB[22m[1m[22m[2m Ôצי gzip:     2.71 kB[22m
[2mdist/[22m[32massets/Marco-BqW_9ekK.png                   [39m[1m[2m    7.73 kB[22m[1m[22m
[2mdist/[22m[32massets/insta-fxkSD-Lm.svg                   [39m[1m[2m    7.81 kB[22m[1m[22m[2m Ôצי gzip:     5.86 kB[22m
[2mdist/[22m[32massets/senacLogo-DAfYyCCF.svg               [39m[1m[2m    8.19 kB[22m[1m[22m[2m Ôצי gzip:     5.59 kB[22m
[2mdist/[22m[32massets/logo_sem_fundo-CaZ90Bvt.png          [39m[1m[2m    9.79 kB[22m[1m[22m
[2mdist/[22m[32massets/foto3-Bz-nmxJV.jpeg                  [39m[1m[2m   22.14 kB[22m[1m[22m
[2mdist/[22m[32massets/foto-perfil-CLZV-C_C.png             [39m[1m[2m   28.64 kB[22m[1m[22m
[2mdist/[22m[32massets/logo-2pchC1eo.png                    [39m[1m[2m   36.97 kB[22m[1m[22m
[2mdist/[22m[32massets/relogio-BTUAqws3.svg                 [39m[1m[2m   49.00 kB[22m[1m[22m[2m Ôצי gzip:    36.06 kB[22m
[2mdist/[22m[32massets/foto7-D-Pxeer6.jpeg                  [39m[1m[2m   53.22 kB[22m[1m[22m
[2mdist/[22m[32massets/imagem_footer-DGB1CWmn.png           [39m[1m[2m   55.84 kB[22m[1m[22m
[2mdist/[22m[32massets/foto_joao_vitor-BQnk5_Ez.svg         [39m[1m[2m   60.58 kB[22m[1m[22m[2m Ôצי gzip:    45.32 kB[22m
[2mdist/[22m[32massets/foto_anderson-BJhu03jO.svg           [39m[1m[2m   69.16 kB[22m[1m[22m[2m Ôצי gzip:    50.10 kB[22m
[2mdist/[22m[32massets/cameraUSB-Du6Q_nj2.png               [39m[1m[2m   75.47 kB[22m[1m[22m
[2mdist/[22m[32massets/fotorafaelipe-DV9-oMKX.jpeg          [39m[1m[2m   80.04 kB[22m[1m[22m
[2mdist/[22m[32massets/foto2-BgadVn8t.jpeg                  [39m[1m[2m   85.40 kB[22m[1m[22m
[2mdist/[22m[32massets/foto6-DC-5h_TV.jpeg                  [39m[1m[2m   94.04 kB[22m[1m[22m
[2mdist/[22m[32massets/foto_maria_eduarda-wI2ANZ7i.svg      [39m[1m[2m  101.05 kB[22m[1m[22m[2m Ôצי gzip:    74.45 kB[22m
[2mdist/[22m[32massets/foto4-BIBjNhUx.jpeg                  [39m[1m[2m  102.02 kB[22m[1m[22m
[2mdist/[22m[32massets/fonte-DY3Y6uZZ.png                   [39m[1m[2m  118.27 kB[22m[1m[22m
[2mdist/[22m[32massets/fsr402-ChM7Gt_Z.png                  [39m[1m[2m  123.51 kB[22m[1m[22m
[2mdist/[22m[32massets/email-DRjIqrsP.svg                   [39m[1m[2m  124.80 kB[22m[1m[22m[2m Ôצי gzip:    93.43 kB[22m
[2mdist/[22m[32massets/motor-Bl1ZPAEZ.png                   [39m[1m[2m  130.40 kB[22m[1m[22m
[2mdist/[22m[32massets/foto1-rciEB_w6.jpeg                  [39m[1m[2m  158.92 kB[22m[1m[22m
[2mdist/[22m[32massets/github-Ch-8cI0a.svg                  [39m[1m[2m  172.91 kB[22m[1m[22m[2m Ôצי gzip:   124.15 kB[22m
[2mdist/[22m[32massets/foto_kaue-DE_SovmP.svg               [39m[1m[2m  177.11 kB[22m[1m[22m[2m Ôצי gzip:   130.58 kB[22m
[2mdist/[22m[32massets/foto_nalbert-DMbzKSae.svg            [39m[1m[2m  182.75 kB[22m[1m[22m[2m Ôצי gzip:   135.23 kB[22m
[2mdist/[22m[32massets/foto-familia-1JpG_fei.png            [39m[1m[2m  199.20 kB[22m[1m[22m
[2mdist/[22m[32massets/rasperry-CBO4k51I.png                [39m[1m[2m  207.55 kB[22m[1m[22m
[2mdist/[22m[32massets/esp32-BMGIetT6.png                   [39m[1m[2m  208.69 kB[22m[1m[22m
[2mdist/[22m[32massets/favicon-DUITMyHK.ico                 [39m[1m[2m  249.49 kB[22m[1m[22m
[2mdist/[22m[32massets/Foto_Joao-DdujuFMD.svg               [39m[1m[2m  316.40 kB[22m[1m[22m[2m Ôצי gzip:   236.37 kB[22m
[2mdist/[22m[32massets/foto_equipe-background-45wcRFmq.png  [39m[1m[2m  350.33 kB[22m[1m[22m
[2mdist/[22m[32massets/hero-imagem-BRTBNpyp.png             [39m[1m[2m  548.57 kB[22m[1m[22m
[2mdist/[22m[32massets/secao-impacto-debznZd5.png           [39m[1m[2m  838.53 kB[22m[1m[22m
[2mdist/[22m[32massets/imagem_principal-NJfUzX7C.png        [39m[1m[2m  992.20 kB[22m[1m[22m
[2mdist/[22m[32massets/imagem_principal-DfKjWUvH.png        [39m[1m[2m  995.83 kB[22m[1m[22m
[2mdist/[22m[32massets/Imagem_principal-CjY1uL70.png        [39m[1m[2m1,045.05 kB[22m[1m[22m
[2mdist/[22m[32massets/ImgHero-DHQPFME9.svg                 [39m[1m[2m1,408.14 kB[22m[1m[22m[2m Ôצי gzip: 1,058.59 kB[22m
[2mdist/[22m[32massets/VideoHero.optimized-CvXYMa2G.mp4     [39m[1m[2m1,569.22 kB[22m[1m[22m
[2mdist/[22m[32massets/hero-BG_j30bk.png                    [39m[1m[2m1,684.71 kB[22m[1m[22m
[2mdist/[22m[32massets/iconeClip-BqGDK3fn.svg               [39m[1m[2m1,818.40 kB[22m[1m[22m[2m Ôצי gzip: 1,356.89 kB[22m
[2mdist/[22m[32massets/cidades-EUjEZtGW.svg                 [39m[1m[2m1,842.95 kB[22m[1m[22m[2m Ôצי gzip: 1,376.02 kB[22m
[2mdist/[22m[32massets/iconeMao-iQyXzDXd.svg                [39m[1m[2m1,847.20 kB[22m[1m[22m[2m Ôצי gzip: 1,378.54 kB[22m
[2mdist/[22m[32massets/iconeParceiros-B-dkCRei.svg          [39m[1m[2m1,861.14 kB[22m[1m[22m[2m Ôצי gzip: 1,389.02 kB[22m
[2mdist/[22m[32massets/coracao-CziHvFtm.svg                 [39m[1m[2m1,862.64 kB[22m[1m[22m[2m Ôצי gzip: 1,390.22 kB[22m
[2mdist/[22m[32massets/iconeFoguete-3lpZO8vs.svg            [39m[1m[2m1,862.94 kB[22m[1m[22m[2m Ôצי gzip: 1,390.95 kB[22m
[2mdist/[22m[32massets/indice-D0D-aBsv.svg                  [39m[1m[2m1,927.21 kB[22m[1m[22m[2m Ôצי gzip: 1,439.32 kB[22m
[2mdist/[22m[32massets/valores-Bi7xdG69.svg                 [39m[1m[2m2,231.69 kB[22m[1m[22m[2m Ôצי gzip: 1,661.69 kB[22m
[2mdist/[22m[32massets/visao-BG6do0o6.svg                   [39m[1m[2m2,321.82 kB[22m[1m[22m[2m Ôצי gzip: 1,730.16 kB[22m
[2mdist/[22m[32massets/imagemHero2-Dok_YnAs.svg             [39m[1m[2m2,431.39 kB[22m[1m[22m[2m Ôצי gzip: 1,819.95 kB[22m
[2mdist/[22m[32massets/MulherTestimonials-CxV91LsR.svg      [39m[1m[2m2,514.25 kB[22m[1m[22m[2m Ôצי gzip: 1,797.26 kB[22m
[2mdist/[22m[32massets/HomemTestimonials-Bi2f6VYi.svg       [39m[1m[2m2,519.03 kB[22m[1m[22m[2m Ôצי gzip: 1,803.44 kB[22m
[2mdist/[22m[32massets/missao-akZaoizq.svg                  [39m[1m[2m2,730.81 kB[22m[1m[22m[2m Ôצי gzip: 2,039.58 kB[22m
[2mdist/[22m[32massets/logoProa-CypZNymL.svg                [39m[1m[2m2,735.47 kB[22m[1m[22m[2m Ôצי gzip: 2,047.50 kB[22m
[2mdist/[22m[32massets/foto_leticia-CQ8w5Puy.svg            [39m[1m[2m2,882.21 kB[22m[1m[22m[2m Ôצי gzip: 2,157.59 kB[22m
[2mdist/[22m[32massets/revestimento-CkCvIut3.svg            [39m[1m[2m2,882.64 kB[22m[1m[22m[2m Ôצי gzip: 2,158.19 kB[22m
[2mdist/[22m[32massets/secao-guincho-CACNBfbR.png           [39m[1m[2m2,899.47 kB[22m[1m[22m
[2mdist/[22m[32massets/sistemaDeSeguranca-BxvfmoY8.svg      [39m[1m[2m2,912.50 kB[22m[1m[22m[2m Ôצי gzip: 2,181.43 kB[22m
[2mdist/[22m[32massets/estrutura-Dpkun0PK.svg               [39m[1m[2m2,948.21 kB[22m[1m[22m[2m Ôצי gzip: 2,207.67 kB[22m
[2mdist/[22m[32massets/logoDexmove-CLg0F97_.svg             [39m[1m[2m3,018.55 kB[22m[1m[22m[2m Ôצי gzip: 2,260.71 kB[22m
[2mdist/[22m[32massets/foto_rafaella-yPl0xOm-.svg           [39m[1m[2m3,388.22 kB[22m[1m[22m[2m Ôצי gzip: 2,523.27 kB[22m
[2mdist/[22m[32massets/guinchoQuarto-BdgEIkoZ.svg           [39m[1m[2m6,681.87 kB[22m[1m[22m[2m Ôצי gzip: 4,980.09 kB[22m
[2mdist/[22m[32massets/contato-CmX_FX1P.jpg                 [39m[1m[2m8,151.41 kB[22m[1m[22m
[2mdist/[22m[35massets/index-CmpXaWsP.css                   [39m[1m[2m    1.43 kB[22m[1m[22m[2m Ôצי gzip:     0.63 kB[22m
[2mdist/[22m[35massets/index-DSohO_vU.css                   [39m[1m[2m    1.89 kB[22m[1m[22m[2m Ôצי gzip:     0.95 kB[22m
[2mdist/[22m[35massets/index-fbvQYgTR.css                   [39m[1m[2m    3.13 kB[22m[1m[22m[2m Ôצי gzip:     1.18 kB[22m
[2mdist/[22m[35massets/index-m4CJncVx.css                   [39m[1m[2m    3.48 kB[22m[1m[22m[2m Ôצי gzip:     1.25 kB[22m
[2mdist/[22m[35massets/index-D0JJBHbm.css                   [39m[1m[2m    3.62 kB[22m[1m[22m[2m Ôצי gzip:     1.27 kB[22m
[2mdist/[22m[35massets/index-ChvWwxcV.css                   [39m[1m[2m    3.66 kB[22m[1m[22m[2m Ôצי gzip:     1.21 kB[22m
[2mdist/[22m[35massets/index-BzgOpfmL.css                   [39m[1m[2m    3.71 kB[22m[1m[22m[2m Ôצי gzip:     1.25 kB[22m
[2mdist/[22m[35massets/index-Dk9HTbDR.css                   [39m[1m[2m    4.52 kB[22m[1m[22m[2m Ôצי gzip:     1.61 kB[22m
[2mdist/[22m[35massets/index-CRLrbwUj.css                   [39m[1m[2m    5.98 kB[22m[1m[22m[2m Ôצי gzip:     1.75 kB[22m
[2mdist/[22m[35massets/index-Dtb3J2Z4.css                   [39m[1m[2m    6.00 kB[22m[1m[22m[2m Ôצי gzip:     1.80 kB[22m
[2mdist/[22m[35massets/index-DcdnoGW_.css                   [39m[1m[2m    6.44 kB[22m[1m[22m[2m Ôצי gzip:     1.63 kB[22m
[2mdist/[22m[35massets/index-CPnhqJAQ.css                   [39m[1m[2m    7.12 kB[22m[1m[22m[2m Ôצי gzip:     2.15 kB[22m
[2mdist/[22m[35massets/index-BF8BLfXp.css                   [39m[1m[2m    9.03 kB[22m[1m[22m[2m Ôצי gzip:     2.33 kB[22m
[2mdist/[22m[35massets/index-CKNYfG0b.css                   [39m[1m[2m    9.49 kB[22m[1m[22m[2m Ôצי gzip:     2.58 kB[22m
[2mdist/[22m[35massets/index-Bx1zmjyi.css                   [39m[1m[2m   10.32 kB[22m[1m[22m[2m Ôצי gzip:     2.89 kB[22m
[2mdist/[22m[35massets/index-C-JuLuVO.css                   [39m[1m[2m   10.54 kB[22m[1m[22m[2m Ôצי gzip:     2.80 kB[22m
[2mdist/[22m[35massets/index-hAZYAIrA.css                   [39m[1m[2m   11.12 kB[22m[1m[22m[2m Ôצי gzip:     2.78 kB[22m
[2mdist/[22m[35massets/index-BM33HcTu.css                   [39m[1m[2m   11.69 kB[22m[1m[22m[2m Ôצי gzip:     2.97 kB[22m
[2mdist/[22m[35massets/index-CkS98AfM.css                   [39m[1m[2m   11.94 kB[22m[1m[22m[2m Ôצי gzip:     2.88 kB[22m
[2mdist/[22m[35massets/index-BouDi2Wk.css                   [39m[1m[2m   12.18 kB[22m[1m[22m[2m Ôצי gzip:     2.82 kB[22m
[2mdist/[22m[35massets/index-h-TfTSuX.css                   [39m[1m[2m   12.56 kB[22m[1m[22m[2m Ôצי gzip:     3.30 kB[22m
[2mdist/[22m[35massets/index-VQnCDuAO.css                   [39m[1m[2m   12.65 kB[22m[1m[22m[2m Ôצי gzip:     2.55 kB[22m
[2mdist/[22m[35massets/index-BaGdZODR.css                   [39m[1m[2m   15.90 kB[22m[1m[22m[2m Ôצי gzip:     3.44 kB[22m
[2mdist/[22m[35massets/index-DVZpswut.css                   [39m[1m[2m   16.64 kB[22m[1m[22m[2m Ôצי gzip:     3.27 kB[22m
[2mdist/[22m[35massets/index-BCsVnQ_S.css                   [39m[1m[2m   18.52 kB[22m[1m[22m[2m Ôצי gzip:     4.38 kB[22m
[2mdist/[22m[35massets/index-VuY6yAVi.css                   [39m[1m[2m   21.07 kB[22m[1m[22m[2m Ôצי gzip:     2.80 kB[22m
[2mdist/[22m[35massets/index-D1O85SVQ.css                   [39m[1m[2m   28.84 kB[22m[1m[22m[2m Ôצי gzip:     6.41 kB[22m
[2mdist/[22m[35massets/index-Bd5Uk2Ys.css                   [39m[1m[2m   42.12 kB[22m[1m[22m[2m Ôצי gzip:     6.27 kB[22m
[2mdist/[22m[36massets/eye-DSXshbva.js                      [39m[1m[2m    1.00 kB[22m[1m[22m[2m Ôצי gzip:     0.40 kB[22m
[2mdist/[22m[36massets/index-bCLQ2CWH.js                    [39m[1m[2m    2.49 kB[22m[1m[22m[2m Ôצי gzip:     1.01 kB[22m
[2mdist/[22m[36massets/index-D0Vw9W6g.js                    [39m[1m[2m    3.09 kB[22m[1m[22m[2m Ôצי gzip:     1.26 kB[22m
[2mdist/[22m[36massets/index-DAEwHufJ.js                    [39m[1m[2m    3.28 kB[22m[1m[22m[2m Ôצי gzip:     1.44 kB[22m
[2mdist/[22m[36massets/index-yQwCIIiB.js                    [39m[1m[2m    3.89 kB[22m[1m[22m[2m Ôצי gzip:     2.42 kB[22m
[2mdist/[22m[36massets/index-BtFLgB1Z.js                    [39m[1m[2m    5.38 kB[22m[1m[22m[2m Ôצי gzip:     2.00 kB[22m
[2mdist/[22m[36massets/index-DvfaOlHb.js                    [39m[1m[2m    5.93 kB[22m[1m[22m[2m Ôצי gzip:     2.42 kB[22m
[2mdist/[22m[36massets/index-DKg96Mo3.js                    [39m[1m[2m    7.18 kB[22m[1m[22m[2m Ôצי gzip:     2.97 kB[22m
[2mdist/[22m[36massets/index-BuxgWo33.js                    [39m[1m[2m    7.47 kB[22m[1m[22m[2m Ôצי gzip:     2.90 kB[22m
[2mdist/[22m[36massets/index-D_iYFfah.js                    [39m[1m[2m    8.18 kB[22m[1m[22m[2m Ôצי gzip:     3.03 kB[22m
[2mdist/[22m[36massets/index-zCwCyv77.js                    [39m[1m[2m    9.71 kB[22m[1m[22m[2m Ôצי gzip:     3.38 kB[22m
[2mdist/[22m[36massets/index-Dlss6eJJ.js                    [39m[1m[2m   12.09 kB[22m[1m[22m[2m Ôצי gzip:     4.01 kB[22m
[2mdist/[22m[36massets/index-DOsTS-5P.js                    [39m[1m[2m   14.07 kB[22m[1m[22m[2m Ôצי gzip:     4.53 kB[22m
[2mdist/[22m[36massets/index-BvbC5_xp.js                    [39m[1m[2m   15.50 kB[22m[1m[22m[2m Ôצי gzip:     5.02 kB[22m
[2mdist/[22m[36massets/index-BuF49wbC.js                    [39m[1m[2m   16.89 kB[22m[1m[22m[2m Ôצי gzip:     5.56 kB[22m
[2mdist/[22m[36massets/index-BACEkVr1.js                    [39m[1m[2m   24.60 kB[22m[1m[22m[2m Ôצי gzip:     7.36 kB[22m
[2mdist/[22m[36massets/index-SqrSFBo7.js                    [39m[1m[2m   24.65 kB[22m[1m[22m[2m Ôצי gzip:    11.59 kB[22m
[2mdist/[22m[36massets/index-CVOowjG4.js                    [39m[1m[2m   25.90 kB[22m[1m[22m[2m Ôצי gzip:     8.03 kB[22m
[2mdist/[22m[36massets/index-aiFlL-pv.js                    [39m[1m[2m   28.67 kB[22m[1m[22m[2m Ôצי gzip:     9.33 kB[22m
[2mdist/[22m[36massets/index-YIioTpyL.js                    [39m[1m[2m   30.95 kB[22m[1m[22m[2m Ôצי gzip:    10.32 kB[22m
[2mdist/[22m[36massets/index-D_LiYqu9.js                    [39m[1m[2m   33.52 kB[22m[1m[22m[2m Ôצי gzip:     9.58 kB[22m
[2mdist/[22m[36massets/index-CAfMW5RG.js                    [39m[1m[2m   34.88 kB[22m[1m[22m[2m Ôצי gzip:    11.53 kB[22m
[2mdist/[22m[36massets/index-D3X1rATu.js                    [39m[1m[2m   35.07 kB[22m[1m[22m[2m Ôצי gzip:    10.31 kB[22m
[2mdist/[22m[36massets/index-4cPdcohO.js                    [39m[1m[2m   36.13 kB[22m[1m[22m[2m Ôצי gzip:    11.52 kB[22m
[2mdist/[22m[36massets/index-C_QhbUlL.js                    [39m[1m[2m   38.57 kB[22m[1m[22m[2m Ôצי gzip:    19.85 kB[22m
[2mdist/[22m[36massets/index-BWMvLhMB.js                    [39m[1m[2m   39.14 kB[22m[1m[22m[2m Ôצי gzip:    11.91 kB[22m
[2mdist/[22m[36massets/index-BZ6qf6R7.js                    [39m[1m[2m   45.53 kB[22m[1m[22m[2m Ôצי gzip:    13.23 kB[22m
[2mdist/[22m[36massets/validators-ynRMA9wc.js               [39m[1m[2m   54.71 kB[22m[1m[22m[2m Ôצי gzip:    12.46 kB[22m
[2mdist/[22m[36massets/index-oavNZyUT.js                    [39m[1m[2m  355.94 kB[22m[1m[22m[2m Ôצי gzip:   103.74 kB[22m
[2mdist/[22m[36massets/index-YjebuSL_.js                    [39m[1m[2m  398.64 kB[22m[1m[22m[2m Ôצי gzip:   133.62 kB[22m
[32mÔ£פ built in 10.01s[39m
